◇ injected env (0) from .env // tip: ⌁ auth for agents [www.vestauth.com]
◇ injected env (13) from .env.development // tip: ⌁ auth for agents [www.vestauth.com]
Skipped 001_admin.sql (already applied)
Skipped 002_catalog.sql (already applied)
Skipped 003_import_batch.sql (already applied)
Skipped 004_operation_log_setting.sql (already applied)
Skipped 005_intent_order.sql (already applied)
Skipped 006_seed_catalog.sql (already applied)
Skipped 007_social_qr.sql (already applied)
Skipped 008_category_image.sql (already applied)
Skipped 009_reseed_catalog.sql (already applied)
Skipped 010_contact_fields2.sql (already applied)
Skipped 011_remove_social_text_fields.sql (already applied)
Skipped 012_social_media.sql (already applied)
Skipped 013_product_sku_customizable_rating.sql (already applied)
Skipped 014_backfill_product_sku.sql (already applied)
Skipped 015_category_product_created_by.sql (already applied)
Skipped 016_backfill_created_by.sql (already applied)
Skipped 017_product_sku_format.sql (already applied)
Skipped 018_customer.sql (already applied)
Skipped 019_customer_address.sql (already applied)
Skipped 020_customer_favorite.sql (already applied)
Skipped 021_cart_item.sql (already applied)
Skipped 022_customer_order.sql (already applied)
Skipped 023_order_item.sql (already applied)
Skipped 024_deprecate_intent_order.sql (already applied)
Skipped 025_product_review.sql (already applied)
Skipped 026_customer_order_snapshot.sql (already applied)
Skipped 027_product_review_updated_at.sql (already applied)
Skipped 028_exchange_rate.sql (already applied)
Skipped 029_shipping_rate.sql (already applied)
Skipped 030_customer_username.sql (already applied)
Skipped 031_schema_migrations.sql (already applied)
Skipped 032_product_review_is_edited.sql (already applied)
Skipped 033_finance_expense.sql (already applied)
Skipped 034_customer_order_shipping_fee.sql (already applied)
Skipped 035_customer_drop_nickname.sql (already applied)
Migration completed: D:\Projects\Web\server\data.db
[Config] 未设置 CUSTOMER_JWT_SECRET，正在使用仅限本地开发的临时密钥；部署前必须配置 .env.production。
[Server] API service: http://localhost:3001
[Import Cleanup] 定时清理任务已启动，每 5 分钟执行一次
◇ injected env (0) from .env // tip: ⌘ override existing { override: true }
◇ injected env (13) from .env.development // tip: ⌁ auth for agents [www.vestauth.com]
Skipped 001_admin.sql (already applied)
Skipped 002_catalog.sql (already applied)
Skipped 003_import_batch.sql (already applied)
Skipped 004_operation_log_setting.sql (already applied)
Skipped 005_intent_order.sql (already applied)
Skipped 006_seed_catalog.sql (already applied)
Skipped 007_social_qr.sql (already applied)
Skipped 008_category_image.sql (already applied)
Skipped 009_reseed_catalog.sql (already applied)
Skipped 010_contact_fields2.sql (already applied)
Skipped 011_remove_social_text_fields.sql (already applied)
Skipped 012_social_media.sql (already applied)
Skipped 013_product_sku_customizable_rating.sql (already applied)
Skipped 014_backfill_product_sku.sql (already applied)
Skipped 015_category_product_created_by.sql (already applied)
Skipped 016_backfill_created_by.sql (already applied)
Skipped 017_product_sku_format.sql (already applied)
Skipped 018_customer.sql (already applied)
Skipped 019_customer_address.sql (already applied)
Skipped 020_customer_favorite.sql (already applied)
Skipped 021_cart_item.sql (already applied)
Skipped 022_customer_order.sql (already applied)
Skipped 023_order_item.sql (already applied)
Skipped 024_deprecate_intent_order.sql (already applied)
Skipped 025_product_review.sql (already applied)
Skipped 026_customer_order_snapshot.sql (already applied)
Skipped 027_product_review_updated_at.sql (already applied)
Skipped 028_exchange_rate.sql (already applied)
Skipped 029_shipping_rate.sql (already applied)
Skipped 030_customer_username.sql (already applied)
Skipped 031_schema_migrations.sql (already applied)
Skipped 032_product_review_is_edited.sql (already applied)
Skipped 033_finance_expense.sql (already applied)
Skipped 034_customer_order_shipping_fee.sql (already applied)
Skipped 035_customer_drop_nickname.sql (already applied)
Migration completed: D:\Projects\Web\server\data.db
[Config] 未设置 CUSTOMER_JWT_SECRET，正在使用仅限本地开发的临时密钥；部署前必须配置 .env.production。
[Server] API service: http://localhost:3001
[Import Cleanup] 定时清理任务已启动，每 5 分钟执行一次
^C