[Config] 未设置 JWT_SECRET，正在使用仅限本地开发的临时密钥；部署前必须配置 .env.production。
[Config] 未设置 CUSTOMER_JWT_SECRET，正在使用仅限本地开发的临时密钥；部署前必须配置 .env.production。
Error: 订单不能从「已发货」变更为「已取消」
    at changeOrderStatus (file:///D:/Projects/Web/server/utils/order.js:93:27)
    at process.processTicksAndRejections (node:internal/process/task_queues:104:5)
    at async file:///D:/Projects/Web/server/routes/orders.js:112:42 {
  status: 400
}
Error: 订单不能从「已完成」变更为「已取消」
    at changeOrderStatus (file:///D:/Projects/Web/server/utils/order.js:93:27)
    at process.processTicksAndRejections (node:internal/process/task_queues:104:5)
    at async file:///D:/Projects/Web/server/routes/orders.js:112:42 {
  status: 400
}
Error: 订单不能从「已发货」变更为「已取消」
    at changeOrderStatus (file:///D:/Projects/Web/server/utils/order.js:93:27)
    at process.processTicksAndRejections (node:internal/process/task_queues:104:5)
    at async file:///D:/Projects/Web/server/routes/orders.js:112:42 {
  status: 400
}
Error: 订单不能从「已完成」变更为「已取消」
    at changeOrderStatus (file:///D:/Projects/Web/server/utils/order.js:93:27)
    at process.processTicksAndRejections (node:internal/process/task_queues:104:5)
    at async file:///D:/Projects/Web/server/routes/orders.js:112:42 {
  status: 400
}
